2026-07-29T05:23:48.483679Z  INFO herdr::api::server: api server listening path=C:\Users\mecha\.config\herdr\herdr.sock
2026-07-29T05:23:48.484401Z  INFO herdr::app: using pane scrollback configuration pane_scrollback_limit_bytes=10000000
2026-07-29T05:23:48.547176Z  INFO herdr::logging: checking for updates event="update.check.start" subsystem="update" outcome="started"
2026-07-29T05:23:48.547377Z  INFO herdr::logging: spawning pane terminal event="pane.spawn.start" subsystem="pane" outcome="started" pane_id=1 rows=24 cols=80 scrollback_limit_bytes=10000000
2026-07-29T05:23:48.564129Z  INFO herdr::logging: pane child spawned event="pane.spawned" subsystem="pane" outcome="ok" pane_id=1 pid=39588
2026-07-29T05:23:48.564523Z  INFO herdr::logging: workspace created event="workspace.create" subsystem="workspace" outcome="ok" workspace_id="w1" pane_id=1
2026-07-29T05:23:48.564534Z  INFO herdr::logging: workspace focused event="workspace.focus" subsystem="workspace" outcome="ok" workspace_id="w1"
2026-07-29T05:23:48.564541Z  INFO herdr::logging: tab focused event="tab.focus" subsystem="tab" outcome="ok" workspace_id="w1" tab_id="w1:t1"
2026-07-29T05:23:48.564545Z  INFO herdr::server::headless: created startup workspace cwd=C:\WINDOWS\system32
2026-07-29T05:23:48.571878Z  INFO herdr::server::headless: client protocol socket listening path=C:\Users\mecha\.config\herdr\herdr-client.sock
2026-07-29T05:23:48.571944Z  INFO herdr::server::headless: herdr server started api_socket=C:\Users\mecha\.config\herdr\herdr.sock client_socket=C:\Users\mecha\.config\herdr\herdr-client.sock
2026-07-29T05:23:48.572141Z  INFO herdr::logging: herdr starting event="app.startup" subsystem="server" outcome="started" pid=19204
2026-07-29T05:23:48.575194Z  INFO herdr::server::headless: client connected client_id=1 cols=80 rows=24 cell_width_px=0 cell_height_px=0 render_encoding=SemanticFrame
2026-07-29T05:23:48.575913Z  INFO herdr::server::headless: client disconnected client_id=1
2026-07-29T05:23:48.575944Z  INFO herdr::server::headless: client connected client_id=2 cols=80 rows=28 cell_width_px=0 cell_height_px=0 render_encoding=SemanticFrame
2026-07-29T05:23:52.491759Z  INFO herdr::server::headless: client resize client_id=2 cols=91 rows=33 cell_width_px=0 cell_height_px=0
2026-07-29T05:23:52.591911Z  INFO herdr::server::headless: client resize client_id=2 cols=126 rows=44 cell_width_px=0 cell_height_px=0
2026-07-29T05:23:52.692372Z  INFO herdr::server::headless: client resize client_id=2 cols=151 rows=52 cell_width_px=0 cell_height_px=0
2026-07-29T05:23:52.792476Z  INFO herdr::server::headless: client resize client_id=2 cols=156 rows=53 cell_width_px=0 cell_height_px=0
2026-07-29T05:23:53.577646Z  INFO herdr::logging: session saved event="persist.save" subsystem="persist" outcome="ok" path=C:\Users\mecha\.config\herdr\session.json workspaces=1
2026-07-29T05:24:20.265069Z  INFO herdr::logging: pane child exited event="pane.exit" subsystem="pane" outcome="completed" pane_id=1 status="ExitStatus { code: 0, signal: None }"
2026-07-29T05:24:20.275152Z  INFO herdr::pane: pane session terminated pane=1 pid=39588 signal=Hangup
2026-07-29T05:24:20.275561Z  INFO herdr::logging: spawning pane terminal event="pane.spawn.start" subsystem="pane" outcome="started" pane_id=2 rows=52 cols=130 scrollback_limit_bytes=10000000
2026-07-29T05:24:20.287921Z  INFO herdr::logging: pane child spawned event="pane.spawned" subsystem="pane" outcome="ok" pane_id=2 pid=38748
2026-07-29T05:24:20.288146Z  INFO herdr::logging: workspace created event="workspace.create" subsystem="workspace" outcome="ok" workspace_id="w2" pane_id=2
2026-07-29T05:24:20.288155Z  INFO herdr::logging: workspace focused event="workspace.focus" subsystem="workspace" outcome="ok" workspace_id="w2"
2026-07-29T05:24:20.288536Z  INFO herdr::logging: tab focused event="tab.focus" subsystem="tab" outcome="ok" workspace_id="w2" tab_id="w2:t1"
2026-07-29T05:24:25.308052Z  INFO herdr::logging: session saved event="persist.save" subsystem="persist" outcome="ok" path=C:\Users\mecha\.config\herdr\session.json workspaces=1
2026-07-29T05:24:34.958025Z  INFO herdr::logging: session saved event="persist.save" subsystem="persist" outcome="ok" path=C:\Users\mecha\.config\herdr\session.json workspaces=1
2026-07-29T05:24:56.533839Z  INFO herdr::logging: pane child exited event="pane.exit" subsystem="pane" outcome="completed" pane_id=2 status="ExitStatus { code: 0, signal: None }"
2026-07-29T05:24:56.544318Z  INFO herdr::pane: pane session terminated pane=2 pid=38748 signal=Hangup
2026-07-29T05:24:56.544760Z  INFO herdr::logging: spawning pane terminal event="pane.spawn.start" subsystem="pane" outcome="started" pane_id=3 rows=52 cols=130 scrollback_limit_bytes=10000000
2026-07-29T05:24:56.552498Z  INFO herdr::logging: pane child spawned event="pane.spawned" subsystem="pane" outcome="ok" pane_id=3 pid=39196
2026-07-29T05:24:56.552744Z  INFO herdr::logging: workspace created event="workspace.create" subsystem="workspace" outcome="ok" workspace_id="w3" pane_id=3
2026-07-29T05:24:56.552753Z  INFO herdr::logging: workspace focused event="workspace.focus" subsystem="workspace" outcome="ok" workspace_id="w3"
2026-07-29T05:24:56.553179Z  INFO herdr::logging: tab focused event="tab.focus" subsystem="tab" outcome="ok" workspace_id="w3" tab_id="w3:t1"
2026-07-29T05:24:59.492324Z  INFO herdr::logging: workspace closed event="workspace.close" subsystem="workspace" outcome="ok" workspace_id="w3"
2026-07-29T05:24:59.503143Z  INFO herdr::pane: pane session terminated pane=3 pid=39196 signal=Hangup
2026-07-29T05:24:59.504208Z  INFO herdr::logging: spawning pane terminal event="pane.spawn.start" subsystem="pane" outcome="started" pane_id=4 rows=52 cols=130 scrollback_limit_bytes=10000000
2026-07-29T05:24:59.508070Z  INFO herdr::logging: pane child exited event="pane.exit" subsystem="pane" outcome="completed" pane_id=3 status="ExitStatus { code: 3221225786, signal: None }"
2026-07-29T05:24:59.513605Z  INFO herdr::logging: pane child spawned event="pane.spawned" subsystem="pane" outcome="ok" pane_id=4 pid=39796
2026-07-29T05:24:59.513829Z  INFO herdr::logging: workspace created event="workspace.create" subsystem="workspace" outcome="ok" workspace_id="w4" pane_id=4
2026-07-29T05:24:59.513837Z  INFO herdr::logging: workspace focused event="workspace.focus" subsystem="workspace" outcome="ok" workspace_id="w4"
2026-07-29T05:24:59.514430Z  INFO herdr::logging: tab focused event="tab.focus" subsystem="tab" outcome="ok" workspace_id="w4" tab_id="w4:t1"
2026-07-29T05:24:59.517709Z  WARN herdr::app::actions: PaneDied for unknown pane pane=3
2026-07-29T05:25:04.521551Z  INFO herdr::logging: session saved event="persist.save" subsystem="persist" outcome="ok" path=C:\Users\mecha\.config\herdr\session.json workspaces=1
2026-07-29T05:25:10.354799Z  INFO herdr::logging: workspace closed event="workspace.close" subsystem="workspace" outcome="ok" workspace_id="w4"
2026-07-29T05:25:10.362818Z  INFO herdr::logging: pane child exited event="pane.exit" subsystem="pane" outcome="completed" pane_id=4 status="ExitStatus { code: 3221225786, signal: None }"
2026-07-29T05:25:10.365248Z  INFO herdr::pane: pane session terminated pane=4 pid=39796 signal=Hangup
2026-07-29T05:25:10.365610Z  WARN herdr::app::actions: PaneDied for unknown pane pane=4
2026-07-29T05:25:10.365812Z  INFO herdr::logging: spawning pane terminal event="pane.spawn.start" subsystem="pane" outcome="started" pane_id=5 rows=52 cols=130 scrollback_limit_bytes=10000000
2026-07-29T05:25:10.371845Z  INFO herdr::logging: pane child spawned event="pane.spawned" subsystem="pane" outcome="ok" pane_id=5 pid=29924
2026-07-29T05:25:10.372077Z  INFO herdr::logging: workspace created event="workspace.create" subsystem="workspace" outcome="ok" workspace_id="w5" pane_id=5
2026-07-29T05:25:10.372085Z  INFO herdr::logging: workspace focused event="workspace.focus" subsystem="workspace" outcome="ok" workspace_id="w5"
2026-07-29T05:25:10.372503Z  INFO herdr::logging: tab focused event="tab.focus" subsystem="tab" outcome="ok" workspace_id="w5" tab_id="w5:t1"
2026-07-29T05:25:12.526816Z  INFO herdr::server::headless: client detach requested via keybind client_id=2
2026-07-29T05:25:12.536386Z  INFO herdr::server::headless: client disconnected client_id=2
2026-07-29T05:25:15.386591Z  INFO herdr::logging: session saved event="persist.save" subsystem="persist" outcome="ok" path=C:\Users\mecha\.config\herdr\session.json workspaces=1
2026-07-29T05:26:57.770179Z  INFO herdr::server::headless: client connected client_id=3 cols=156 rows=53 cell_width_px=0 cell_height_px=0 render_encoding=SemanticFrame
2026-07-29T05:30:07.294146Z  INFO herdr::server::headless: client disconnected client_id=3
2026-07-29T05:33:06.349057Z  INFO herdr::server::headless: client connected client_id=4 cols=100 rows=40 cell_width_px=0 cell_height_px=0 render_encoding=SemanticFrame
2026-07-29T05:33:16.456853Z  INFO herdr::logging: session saved event="persist.save" subsystem="persist" outcome="ok" path=C:\Users\mecha\.config\herdr\session.json workspaces=1
2026-07-29T05:34:59.164373Z  INFO herdr::server::headless: client resize client_id=4 cols=245 rows=68 cell_width_px=0 cell_height_px=0
2026-07-29T05:38:48.412664Z  INFO herdr::logging: session saved event="persist.save" subsystem="persist" outcome="ok" path=C:\Users\mecha\.config\herdr\session.json workspaces=1
